// Jest Snapshot v1, https://goo.gl/fbAQLP

exports[`WeatherCard should render 1`] = `
<div>
  <div
    class="MuiPaper-root MuiAccordion-root MuiAccordion-rounded MuiPaper-elevation1 MuiPaper-rounded"
  >
    <div
      aria-disabled="false"
      aria-expanded="false"
      class="MuiButtonBase-root MuiAccordionSummary-root"
      role="button"
      tabindex="0"
    >
      <div
        class="MuiAccordionSummary-content"
      >
        <div
          class="MuiGrid-root MuiGrid-container MuiGrid-align-items-xs-center MuiGrid-justify-xs-center"
        >
          <div
            class="MuiGrid-root MuiGrid-item MuiGrid-grid-xs-12 MuiGrid-grid-md-4"
          >
            <div
              class="MuiGrid-root MuiGrid-container MuiGrid-align-items-xs-center"
            >
              <div
                class="MuiGrid-root MuiGrid-item"
              >
                <div
                  class="MuiAvatar-root WithStyles(ForwardRef(Avatar))-root-1 MuiAvatar-circle"
                >
                  <img
                    alt="icon-10d"
                    class="MuiAvatar-img"
                    src="http://openweathermap.org/img/wn/10d@2x.png"
                  />
                </div>
              </div>
              <div
                class="MuiGrid-root MuiGrid-item"
              >
                <p
                  class="MuiTypography-root WithStyles(ForwardRef(Typography))-root-2 MuiTypography-body1"
                >
                  light rain
                </p>
              </div>
            </div>
          </div>
          <div
            class="MuiGrid-root MuiGrid-item MuiGrid-grid-xs-12 MuiGrid-grid-md-true"
          >
            <div
              class="MuiGrid-root MuiGrid-container MuiGrid-align-items-xs-center"
            >
              <div
                class="MuiGrid-root WithStyles(ForwardRef(Grid))-root-3 MuiGrid-item MuiGrid-grid-xs-12 MuiGrid-grid-md-true"
              >
                (Sun) 28 Jun
              </div>
              <div
                class="MuiGrid-root WithStyles(ForwardRef(Grid))-root-3 MuiGrid-item MuiGrid-grid-xs-12 MuiGrid-grid-md-true"
              >
                High: 
                30.7°C
              </div>
              <div
                class="MuiGrid-root WithStyles(ForwardRef(Grid))-root-3 MuiGrid-item MuiGrid-grid-xs-12 MuiGrid-grid-md-true"
              >
                Low: 
                27.7°C
              </div>
            </div>
          </div>
        </div>
      </div>
      <div
        aria-disabled="false"
        aria-hidden="true"
        class="MuiButtonBase-root MuiIconButton-root MuiAccordionSummary-expandIcon MuiIconButton-edgeEnd"
      >
        <span
          class="MuiIconButton-label"
        >
          <svg
            aria-hidden="true"
            class="MuiSvgIcon-root"
            focusable="false"
            viewBox="0 0 24 24"
          >
            <path
              d="M16.59 8.59L12 13.17 7.41 8.59 6 10l6 6 6-6z"
            />
          </svg>
        </span>
        <span
          class="MuiTouchRipple-root"
        />
      </div>
    </div>
    <div
      class="MuiCollapse-container MuiCollapse-hidden"
      style="min-height: 0px;"
    >
      <div
        class="MuiCollapse-wrapper"
      >
        <div
          class="MuiCollapse-wrapperInner"
        >
          <div
            role="region"
          >
            <div
              class="MuiAccordionDetails-root"
            >
              <div
                class="MuiGrid-root MuiGrid-container"
              >
                <div
                  class="MuiGrid-root WithStyles(ForwardRef(Grid))-root-3 MuiGrid-item MuiGrid-grid-xs-12"
                >
                  Humidity: 66%
                </div>
                <div
                  class="MuiGrid-root WithStyles(ForwardRef(Grid))-root-3 MuiGrid-item MuiGrid-grid-xs-12"
                >
                  Sunrise: 
                  7:01 AM
                </div>
                <div
                  class="MuiGrid-root WithStyles(ForwardRef(Grid))-root-3 MuiGrid-item MuiGrid-grid-xs-12"
                >
                  Sunset: 
                  7:13 PM
                </div>
              </div>
            </div>
          </div>
        </div>
      </div>
    </div>
  </div>
</div>
`;
