// Jest Snapshot v1, https://goo.gl/fbAQLP

exports[`Page: Index should render 1`] = `
<div>
  <header
    style="background: rebeccapurple; margin-bottom: 1.45rem;"
  >
    <div
      style="margin: 0px auto; max-width: 960px; padding: 1.45rem 1.0875rem;"
    >
      <h1
        style="margin: 0px;"
      >
        <a
          href="/"
          style="color: white; text-decoration: none;"
        >
          OpenWeatherMap
        </a>
      </h1>
    </div>
  </header>
  <div
    class="MuiContainer-root MuiContainer-fixed MuiContainer-maxWidthLg"
  >
    <main>
      <h2
        class="MuiTypography-root MuiTypography-h3 MuiTypography-gutterBottom MuiTypography-alignCenter"
      >
        Singapore
      </h2>
      <div
        class="MuiBox-root MuiBox-root-2 Styled(MuiBox)-root-1"
        classes="[object Object]"
      >
        <canvas
          class="chartjs-render-monitor"
          height="0"
          style="display: block;"
          width="0"
        />
      </div>
      <div
        class="MuiBox-root MuiBox-root-3 Styled(MuiBox)-root-1"
        classes="[object Object]"
      >
        <div
          data-testid="forecast-list"
        >
          <div
            class="MuiPaper-root MuiAccordion-root MuiAccordion-rounded MuiPaper-elevation1 MuiPaper-rounded"
          >
            <div
              aria-disabled="false"
              aria-expanded="false"
              class="MuiButtonBase-root MuiAccordionSummary-root"
              role="button"
              tabindex="0"
            >
              <div
                class="MuiAccordionSummary-content"
              >
                <div
                  class="MuiGrid-root MuiGrid-container MuiGrid-align-items-xs-center MuiGrid-justify-xs-center"
                >
                  <div
                    class="MuiGrid-root MuiGrid-item MuiGrid-grid-xs-12 MuiGrid-grid-md-4"
                  >
                    <div
                      class="MuiGrid-root MuiGrid-container MuiGrid-align-items-xs-center"
                    >
                      <div
                        class="MuiGrid-root MuiGrid-item"
                      >
                        <div
                          class="MuiAvatar-root WithStyles(ForwardRef(Avatar))-root-4 MuiAvatar-circle"
                        >
                          <img
                            alt="icon-10d"
                            class="MuiAvatar-img"
                            src="http://openweathermap.org/img/wn/10d@2x.png"
                          />
                        </div>
                      </div>
                      <div
                        class="MuiGrid-root MuiGrid-item"
                      >
                        <p
                          class="MuiTypography-root WithStyles(ForwardRef(Typography))-root-5 MuiTypography-body1"
                        >
                          moderate rain
                        </p>
                      </div>
                    </div>
                  </div>
                  <div
                    class="MuiGrid-root MuiGrid-item MuiGrid-grid-xs-12 MuiGrid-grid-md-true"
                  >
                    <div
                      class="MuiGrid-root MuiGrid-container MuiGrid-align-items-xs-center"
                    >
                      <div
                        class="MuiGrid-root WithStyles(ForwardRef(Grid))-root-6 MuiGrid-item MuiGrid-grid-xs-12 MuiGrid-grid-md-true"
                      >
                        Tue, 25 Aug
                      </div>
                      <div
                        class="MuiGrid-root WithStyles(ForwardRef(Grid))-root-6 MuiGrid-item MuiGrid-grid-xs-12 MuiGrid-grid-md-true"
                      >
                        High: 
                        29.4°C
                      </div>
                      <div
                        class="MuiGrid-root WithStyles(ForwardRef(Grid))-root-6 MuiGrid-item MuiGrid-grid-xs-12 MuiGrid-grid-md-true"
                      >
                        Low: 
                        27.6°C
                      </div>
                    </div>
                  </div>
                </div>
              </div>
              <div
                aria-disabled="false"
                aria-hidden="true"
                class="MuiButtonBase-root MuiIconButton-root MuiAccordionSummary-expandIcon MuiIconButton-edgeEnd"
              >
                <span
                  class="MuiIconButton-label"
                >
                  <svg
                    aria-hidden="true"
                    class="MuiSvgIcon-root"
                    focusable="false"
                    viewBox="0 0 24 24"
                  >
                    <path
                      d="M16.59 8.59L12 13.17 7.41 8.59 6 10l6 6 6-6z"
                    />
                  </svg>
                </span>
                <span
                  class="MuiTouchRipple-root"
                />
              </div>
            </div>
            <div
              class="MuiCollapse-container MuiCollapse-hidden"
              style="min-height: 0px;"
            >
              <div
                class="MuiCollapse-wrapper"
              >
                <div
                  class="MuiCollapse-wrapperInner"
                >
                  <div
                    role="region"
                  >
                    <div
                      class="MuiAccordionDetails-root"
                    >
                      <div
                        class="MuiGrid-root MuiGrid-container"
                      >
                        <div
                          class="MuiGrid-root WithStyles(ForwardRef(Grid))-root-6 MuiGrid-item MuiGrid-grid-xs-12"
                        >
                          Humidity: 69%
                        </div>
                        <div
                          class="MuiGrid-root WithStyles(ForwardRef(Grid))-root-6 MuiGrid-item MuiGrid-grid-xs-12"
                        >
                          Sunrise: 
                          7:02 AM
                        </div>
                        <div
                          class="MuiGrid-root WithStyles(ForwardRef(Grid))-root-6 MuiGrid-item MuiGrid-grid-xs-12"
                        >
                          Sunset: 
                          7:11 PM
                        </div>
                      </div>
                    </div>
                  </div>
                </div>
              </div>
            </div>
          </div>
          <div
            class="MuiPaper-root MuiAccordion-root MuiAccordion-rounded MuiPaper-elevation1 MuiPaper-rounded"
          >
            <div
              aria-disabled="false"
              aria-expanded="false"
              class="MuiButtonBase-root MuiAccordionSummary-root"
              role="button"
              tabindex="0"
            >
              <div
                class="MuiAccordionSummary-content"
              >
                <div
                  class="MuiGrid-root MuiGrid-container MuiGrid-align-items-xs-center MuiGrid-justify-xs-center"
                >
                  <div
                    class="MuiGrid-root MuiGrid-item MuiGrid-grid-xs-12 MuiGrid-grid-md-4"
                  >
                    <div
                      class="MuiGrid-root MuiGrid-container MuiGrid-align-items-xs-center"
                    >
                      <div
                        class="MuiGrid-root MuiGrid-item"
                      >
                        <div
                          class="MuiAvatar-root WithStyles(ForwardRef(Avatar))-root-4 MuiAvatar-circle"
                        >
                          <img
                            alt="icon-10d"
                            class="MuiAvatar-img"
                            src="http://openweathermap.org/img/wn/10d@2x.png"
                          />
                        </div>
                      </div>
                      <div
                        class="MuiGrid-root MuiGrid-item"
                      >
                        <p
                          class="MuiTypography-root WithStyles(ForwardRef(Typography))-root-5 MuiTypography-body1"
                        >
                          light rain
                        </p>
                      </div>
                    </div>
                  </div>
                  <div
                    class="MuiGrid-root MuiGrid-item MuiGrid-grid-xs-12 MuiGrid-grid-md-true"
                  >
                    <div
                      class="MuiGrid-root MuiGrid-container MuiGrid-align-items-xs-center"
                    >
                      <div
                        class="MuiGrid-root WithStyles(ForwardRef(Grid))-root-6 MuiGrid-item MuiGrid-grid-xs-12 MuiGrid-grid-md-true"
                      >
                        Wed, 26 Aug
                      </div>
                      <div
                        class="MuiGrid-root WithStyles(ForwardRef(Grid))-root-6 MuiGrid-item MuiGrid-grid-xs-12 MuiGrid-grid-md-true"
                      >
                        High: 
                        29.5°C
                      </div>
                      <div
                        class="MuiGrid-root WithStyles(ForwardRef(Grid))-root-6 MuiGrid-item MuiGrid-grid-xs-12 MuiGrid-grid-md-true"
                      >
                        Low: 
                        27.6°C
                      </div>
                    </div>
                  </div>
                </div>
              </div>
              <div
                aria-disabled="false"
                aria-hidden="true"
                class="MuiButtonBase-root MuiIconButton-root MuiAccordionSummary-expandIcon MuiIconButton-edgeEnd"
              >
                <span
                  class="MuiIconButton-label"
                >
                  <svg
                    aria-hidden="true"
                    class="MuiSvgIcon-root"
                    focusable="false"
                    viewBox="0 0 24 24"
                  >
                    <path
                      d="M16.59 8.59L12 13.17 7.41 8.59 6 10l6 6 6-6z"
                    />
                  </svg>
                </span>
                <span
                  class="MuiTouchRipple-root"
                />
              </div>
            </div>
            <div
              class="MuiCollapse-container MuiCollapse-hidden"
              style="min-height: 0px;"
            >
              <div
                class="MuiCollapse-wrapper"
              >
                <div
                  class="MuiCollapse-wrapperInner"
                >
                  <div
                    role="region"
                  >
                    <div
                      class="MuiAccordionDetails-root"
                    >
                      <div
                        class="MuiGrid-root MuiGrid-container"
                      >
                        <div
                          class="MuiGrid-root WithStyles(ForwardRef(Grid))-root-6 MuiGrid-item MuiGrid-grid-xs-12"
                        >
                          Humidity: 69%
                        </div>
                        <div
                          class="MuiGrid-root WithStyles(ForwardRef(Grid))-root-6 MuiGrid-item MuiGrid-grid-xs-12"
                        >
                          Sunrise: 
                          7:02 AM
                        </div>
                        <div
                          class="MuiGrid-root WithStyles(ForwardRef(Grid))-root-6 MuiGrid-item MuiGrid-grid-xs-12"
                        >
                          Sunset: 
                          7:10 PM
                        </div>
                      </div>
                    </div>
                  </div>
                </div>
              </div>
            </div>
          </div>
          <div
            class="MuiPaper-root MuiAccordion-root MuiAccordion-rounded MuiPaper-elevation1 MuiPaper-rounded"
          >
            <div
              aria-disabled="false"
              aria-expanded="false"
              class="MuiButtonBase-root MuiAccordionSummary-root"
              role="button"
              tabindex="0"
            >
              <div
                class="MuiAccordionSummary-content"
              >
                <div
                  class="MuiGrid-root MuiGrid-container MuiGrid-align-items-xs-center MuiGrid-justify-xs-center"
                >
                  <div
                    class="MuiGrid-root MuiGrid-item MuiGrid-grid-xs-12 MuiGrid-grid-md-4"
                  >
                    <div
                      class="MuiGrid-root MuiGrid-container MuiGrid-align-items-xs-center"
                    >
                      <div
                        class="MuiGrid-root MuiGrid-item"
                      >
                        <div
                          class="MuiAvatar-root WithStyles(ForwardRef(Avatar))-root-4 MuiAvatar-circle"
                        >
                          <img
                            alt="icon-10d"
                            class="MuiAvatar-img"
                            src="http://openweathermap.org/img/wn/10d@2x.png"
                          />
                        </div>
                      </div>
                      <div
                        class="MuiGrid-root MuiGrid-item"
                      >
                        <p
                          class="MuiTypography-root WithStyles(ForwardRef(Typography))-root-5 MuiTypography-body1"
                        >
                          moderate rain
                        </p>
                      </div>
                    </div>
                  </div>
                  <div
                    class="MuiGrid-root MuiGrid-item MuiGrid-grid-xs-12 MuiGrid-grid-md-true"
                  >
                    <div
                      class="MuiGrid-root MuiGrid-container MuiGrid-align-items-xs-center"
                    >
                      <div
                        class="MuiGrid-root WithStyles(ForwardRef(Grid))-root-6 MuiGrid-item MuiGrid-grid-xs-12 MuiGrid-grid-md-true"
                      >
                        Thu, 27 Aug
                      </div>
                      <div
                        class="MuiGrid-root WithStyles(ForwardRef(Grid))-root-6 MuiGrid-item MuiGrid-grid-xs-12 MuiGrid-grid-md-true"
                      >
                        High: 
                        29.7°C
                      </div>
                      <div
                        class="MuiGrid-root WithStyles(ForwardRef(Grid))-root-6 MuiGrid-item MuiGrid-grid-xs-12 MuiGrid-grid-md-true"
                      >
                        Low: 
                        27.8°C
                      </div>
                    </div>
                  </div>
                </div>
              </div>
              <div
                aria-disabled="false"
                aria-hidden="true"
                class="MuiButtonBase-root MuiIconButton-root MuiAccordionSummary-expandIcon MuiIconButton-edgeEnd"
              >
                <span
                  class="MuiIconButton-label"
                >
                  <svg
                    aria-hidden="true"
                    class="MuiSvgIcon-root"
                    focusable="false"
                    viewBox="0 0 24 24"
                  >
                    <path
                      d="M16.59 8.59L12 13.17 7.41 8.59 6 10l6 6 6-6z"
                    />
                  </svg>
                </span>
                <span
                  class="MuiTouchRipple-root"
                />
              </div>
            </div>
            <div
              class="MuiCollapse-container MuiCollapse-hidden"
              style="min-height: 0px;"
            >
              <div
                class="MuiCollapse-wrapper"
              >
                <div
                  class="MuiCollapse-wrapperInner"
                >
                  <div
                    role="region"
                  >
                    <div
                      class="MuiAccordionDetails-root"
                    >
                      <div
                        class="MuiGrid-root MuiGrid-container"
                      >
                        <div
                          class="MuiGrid-root WithStyles(ForwardRef(Grid))-root-6 MuiGrid-item MuiGrid-grid-xs-12"
                        >
                          Humidity: 66%
                        </div>
                        <div
                          class="MuiGrid-root WithStyles(ForwardRef(Grid))-root-6 MuiGrid-item MuiGrid-grid-xs-12"
                        >
                          Sunrise: 
                          7:02 AM
                        </div>
                        <div
                          class="MuiGrid-root WithStyles(ForwardRef(Grid))-root-6 MuiGrid-item MuiGrid-grid-xs-12"
                        >
                          Sunset: 
                          7:10 PM
                        </div>
                      </div>
                    </div>
                  </div>
                </div>
              </div>
            </div>
          </div>
          <div
            class="MuiPaper-root MuiAccordion-root MuiAccordion-rounded MuiPaper-elevation1 MuiPaper-rounded"
          >
            <div
              aria-disabled="false"
              aria-expanded="false"
              class="MuiButtonBase-root MuiAccordionSummary-root"
              role="button"
              tabindex="0"
            >
              <div
                class="MuiAccordionSummary-content"
              >
                <div
                  class="MuiGrid-root MuiGrid-container MuiGrid-align-items-xs-center MuiGrid-justify-xs-center"
                >
                  <div
                    class="MuiGrid-root MuiGrid-item MuiGrid-grid-xs-12 MuiGrid-grid-md-4"
                  >
                    <div
                      class="MuiGrid-root MuiGrid-container MuiGrid-align-items-xs-center"
                    >
                      <div
                        class="MuiGrid-root MuiGrid-item"
                      >
                        <div
                          class="MuiAvatar-root WithStyles(ForwardRef(Avatar))-root-4 MuiAvatar-circle"
                        >
                          <img
                            alt="icon-10d"
                            class="MuiAvatar-img"
                            src="http://openweathermap.org/img/wn/10d@2x.png"
                          />
                        </div>
                      </div>
                      <div
                        class="MuiGrid-root MuiGrid-item"
                      >
                        <p
                          class="MuiTypography-root WithStyles(ForwardRef(Typography))-root-5 MuiTypography-body1"
                        >
                          heavy intensity rain
                        </p>
                      </div>
                    </div>
                  </div>
                  <div
                    class="MuiGrid-root MuiGrid-item MuiGrid-grid-xs-12 MuiGrid-grid-md-true"
                  >
                    <div
                      class="MuiGrid-root MuiGrid-container MuiGrid-align-items-xs-center"
                    >
                      <div
                        class="MuiGrid-root WithStyles(ForwardRef(Grid))-root-6 MuiGrid-item MuiGrid-grid-xs-12 MuiGrid-grid-md-true"
                      >
                        Fri, 28 Aug
                      </div>
                      <div
                        class="MuiGrid-root WithStyles(ForwardRef(Grid))-root-6 MuiGrid-item MuiGrid-grid-xs-12 MuiGrid-grid-md-true"
                      >
                        High: 
                        29.5°C
                      </div>
                      <div
                        class="MuiGrid-root WithStyles(ForwardRef(Grid))-root-6 MuiGrid-item MuiGrid-grid-xs-12 MuiGrid-grid-md-true"
                      >
                        Low: 
                        27.7°C
                      </div>
                    </div>
                  </div>
                </div>
              </div>
              <div
                aria-disabled="false"
                aria-hidden="true"
                class="MuiButtonBase-root MuiIconButton-root MuiAccordionSummary-expandIcon MuiIconButton-edgeEnd"
              >
                <span
                  class="MuiIconButton-label"
                >
                  <svg
                    aria-hidden="true"
                    class="MuiSvgIcon-root"
                    focusable="false"
                    viewBox="0 0 24 24"
                  >
                    <path
                      d="M16.59 8.59L12 13.17 7.41 8.59 6 10l6 6 6-6z"
                    />
                  </svg>
                </span>
                <span
                  class="MuiTouchRipple-root"
                />
              </div>
            </div>
            <div
              class="MuiCollapse-container MuiCollapse-hidden"
              style="min-height: 0px;"
            >
              <div
                class="MuiCollapse-wrapper"
              >
                <div
                  class="MuiCollapse-wrapperInner"
                >
                  <div
                    role="region"
                  >
                    <div
                      class="MuiAccordionDetails-root"
                    >
                      <div
                        class="MuiGrid-root MuiGrid-container"
                      >
                        <div
                          class="MuiGrid-root WithStyles(ForwardRef(Grid))-root-6 MuiGrid-item MuiGrid-grid-xs-12"
                        >
                          Humidity: 67%
                        </div>
                        <div
                          class="MuiGrid-root WithStyles(ForwardRef(Grid))-root-6 MuiGrid-item MuiGrid-grid-xs-12"
                        >
                          Sunrise: 
                          7:01 AM
                        </div>
                        <div
                          class="MuiGrid-root WithStyles(ForwardRef(Grid))-root-6 MuiGrid-item MuiGrid-grid-xs-12"
                        >
                          Sunset: 
                          7:10 PM
                        </div>
                      </div>
                    </div>
                  </div>
                </div>
              </div>
            </div>
          </div>
          <div
            class="MuiPaper-root MuiAccordion-root MuiAccordion-rounded MuiPaper-elevation1 MuiPaper-rounded"
          >
            <div
              aria-disabled="false"
              aria-expanded="false"
              class="MuiButtonBase-root MuiAccordionSummary-root"
              role="button"
              tabindex="0"
            >
              <div
                class="MuiAccordionSummary-content"
              >
                <div
                  class="MuiGrid-root MuiGrid-container MuiGrid-align-items-xs-center MuiGrid-justify-xs-center"
                >
                  <div
                    class="MuiGrid-root MuiGrid-item MuiGrid-grid-xs-12 MuiGrid-grid-md-4"
                  >
                    <div
                      class="MuiGrid-root MuiGrid-container MuiGrid-align-items-xs-center"
                    >
                      <div
                        class="MuiGrid-root MuiGrid-item"
                      >
                        <div
                          class="MuiAvatar-root WithStyles(ForwardRef(Avatar))-root-4 MuiAvatar-circle"
                        >
                          <img
                            alt="icon-10d"
                            class="MuiAvatar-img"
                            src="http://openweathermap.org/img/wn/10d@2x.png"
                          />
                        </div>
                      </div>
                      <div
                        class="MuiGrid-root MuiGrid-item"
                      >
                        <p
                          class="MuiTypography-root WithStyles(ForwardRef(Typography))-root-5 MuiTypography-body1"
                        >
                          light rain
                        </p>
                      </div>
                    </div>
                  </div>
                  <div
                    class="MuiGrid-root MuiGrid-item MuiGrid-grid-xs-12 MuiGrid-grid-md-true"
                  >
                    <div
                      class="MuiGrid-root MuiGrid-container MuiGrid-align-items-xs-center"
                    >
                      <div
                        class="MuiGrid-root WithStyles(ForwardRef(Grid))-root-6 MuiGrid-item MuiGrid-grid-xs-12 MuiGrid-grid-md-true"
                      >
                        Sat, 29 Aug
                      </div>
                      <div
                        class="MuiGrid-root WithStyles(ForwardRef(Grid))-root-6 MuiGrid-item MuiGrid-grid-xs-12 MuiGrid-grid-md-true"
                      >
                        High: 
                        29.7°C
                      </div>
                      <div
                        class="MuiGrid-root WithStyles(ForwardRef(Grid))-root-6 MuiGrid-item MuiGrid-grid-xs-12 MuiGrid-grid-md-true"
                      >
                        Low: 
                        28.0°C
                      </div>
                    </div>
                  </div>
                </div>
              </div>
              <div
                aria-disabled="false"
                aria-hidden="true"
                class="MuiButtonBase-root MuiIconButton-root MuiAccordionSummary-expandIcon MuiIconButton-edgeEnd"
              >
                <span
                  class="MuiIconButton-label"
                >
                  <svg
                    aria-hidden="true"
                    class="MuiSvgIcon-root"
                    focusable="false"
                    viewBox="0 0 24 24"
                  >
                    <path
                      d="M16.59 8.59L12 13.17 7.41 8.59 6 10l6 6 6-6z"
                    />
                  </svg>
                </span>
                <span
                  class="MuiTouchRipple-root"
                />
              </div>
            </div>
            <div
              class="MuiCollapse-container MuiCollapse-hidden"
              style="min-height: 0px;"
            >
              <div
                class="MuiCollapse-wrapper"
              >
                <div
                  class="MuiCollapse-wrapperInner"
                >
                  <div
                    role="region"
                  >
                    <div
                      class="MuiAccordionDetails-root"
                    >
                      <div
                        class="MuiGrid-root MuiGrid-container"
                      >
                        <div
                          class="MuiGrid-root WithStyles(ForwardRef(Grid))-root-6 MuiGrid-item MuiGrid-grid-xs-12"
                        >
                          Humidity: 68%
                        </div>
                        <div
                          class="MuiGrid-root WithStyles(ForwardRef(Grid))-root-6 MuiGrid-item MuiGrid-grid-xs-12"
                        >
                          Sunrise: 
                          7:01 AM
                        </div>
                        <div
                          class="MuiGrid-root WithStyles(ForwardRef(Grid))-root-6 MuiGrid-item MuiGrid-grid-xs-12"
                        >
                          Sunset: 
                          7:09 PM
                        </div>
                      </div>
                    </div>
                  </div>
                </div>
              </div>
            </div>
          </div>
          <div
            class="MuiPaper-root MuiAccordion-root MuiAccordion-rounded MuiPaper-elevation1 MuiPaper-rounded"
          >
            <div
              aria-disabled="false"
              aria-expanded="false"
              class="MuiButtonBase-root MuiAccordionSummary-root"
              role="button"
              tabindex="0"
            >
              <div
                class="MuiAccordionSummary-content"
              >
                <div
                  class="MuiGrid-root MuiGrid-container MuiGrid-align-items-xs-center MuiGrid-justify-xs-center"
                >
                  <div
                    class="MuiGrid-root MuiGrid-item MuiGrid-grid-xs-12 MuiGrid-grid-md-4"
                  >
                    <div
                      class="MuiGrid-root MuiGrid-container MuiGrid-align-items-xs-center"
                    >
                      <div
                        class="MuiGrid-root MuiGrid-item"
                      >
                        <div
                          class="MuiAvatar-root WithStyles(ForwardRef(Avatar))-root-4 MuiAvatar-circle"
                        >
                          <img
                            alt="icon-10d"
                            class="MuiAvatar-img"
                            src="http://openweathermap.org/img/wn/10d@2x.png"
                          />
                        </div>
                      </div>
                      <div
                        class="MuiGrid-root MuiGrid-item"
                      >
                        <p
                          class="MuiTypography-root WithStyles(ForwardRef(Typography))-root-5 MuiTypography-body1"
                        >
                          moderate rain
                        </p>
                      </div>
                    </div>
                  </div>
                  <div
                    class="MuiGrid-root MuiGrid-item MuiGrid-grid-xs-12 MuiGrid-grid-md-true"
                  >
                    <div
                      class="MuiGrid-root MuiGrid-container MuiGrid-align-items-xs-center"
                    >
                      <div
                        class="MuiGrid-root WithStyles(ForwardRef(Grid))-root-6 MuiGrid-item MuiGrid-grid-xs-12 MuiGrid-grid-md-true"
                      >
                        Sun, 30 Aug
                      </div>
                      <div
                        class="MuiGrid-root WithStyles(ForwardRef(Grid))-root-6 MuiGrid-item MuiGrid-grid-xs-12 MuiGrid-grid-md-true"
                      >
                        High: 
                        29.9°C
                      </div>
                      <div
                        class="MuiGrid-root WithStyles(ForwardRef(Grid))-root-6 MuiGrid-item MuiGrid-grid-xs-12 MuiGrid-grid-md-true"
                      >
                        Low: 
                        27.8°C
                      </div>
                    </div>
                  </div>
                </div>
              </div>
              <div
                aria-disabled="false"
                aria-hidden="true"
                class="MuiButtonBase-root MuiIconButton-root MuiAccordionSummary-expandIcon MuiIconButton-edgeEnd"
              >
                <span
                  class="MuiIconButton-label"
                >
                  <svg
                    aria-hidden="true"
                    class="MuiSvgIcon-root"
                    focusable="false"
                    viewBox="0 0 24 24"
                  >
                    <path
                      d="M16.59 8.59L12 13.17 7.41 8.59 6 10l6 6 6-6z"
                    />
                  </svg>
                </span>
                <span
                  class="MuiTouchRipple-root"
                />
              </div>
            </div>
            <div
              class="MuiCollapse-container MuiCollapse-hidden"
              style="min-height: 0px;"
            >
              <div
                class="MuiCollapse-wrapper"
              >
                <div
                  class="MuiCollapse-wrapperInner"
                >
                  <div
                    role="region"
                  >
                    <div
                      class="MuiAccordionDetails-root"
                    >
                      <div
                        class="MuiGrid-root MuiGrid-container"
                      >
                        <div
                          class="MuiGrid-root WithStyles(ForwardRef(Grid))-root-6 MuiGrid-item MuiGrid-grid-xs-12"
                        >
                          Humidity: 64%
                        </div>
                        <div
                          class="MuiGrid-root WithStyles(ForwardRef(Grid))-root-6 MuiGrid-item MuiGrid-grid-xs-12"
                        >
                          Sunrise: 
                          7:01 AM
                        </div>
                        <div
                          class="MuiGrid-root WithStyles(ForwardRef(Grid))-root-6 MuiGrid-item MuiGrid-grid-xs-12"
                        >
                          Sunset: 
                          7:09 PM
                        </div>
                      </div>
                    </div>
                  </div>
                </div>
              </div>
            </div>
          </div>
          <div
            class="MuiPaper-root MuiAccordion-root MuiAccordion-rounded MuiPaper-elevation1 MuiPaper-rounded"
          >
            <div
              aria-disabled="false"
              aria-expanded="false"
              class="MuiButtonBase-root MuiAccordionSummary-root"
              role="button"
              tabindex="0"
            >
              <div
                class="MuiAccordionSummary-content"
              >
                <div
                  class="MuiGrid-root MuiGrid-container MuiGrid-align-items-xs-center MuiGrid-justify-xs-center"
                >
                  <div
                    class="MuiGrid-root MuiGrid-item MuiGrid-grid-xs-12 MuiGrid-grid-md-4"
                  >
                    <div
                      class="MuiGrid-root MuiGrid-container MuiGrid-align-items-xs-center"
                    >
                      <div
                        class="MuiGrid-root MuiGrid-item"
                      >
                        <div
                          class="MuiAvatar-root WithStyles(ForwardRef(Avatar))-root-4 MuiAvatar-circle"
                        >
                          <img
                            alt="icon-10d"
                            class="MuiAvatar-img"
                            src="http://openweathermap.org/img/wn/10d@2x.png"
                          />
                        </div>
                      </div>
                      <div
                        class="MuiGrid-root MuiGrid-item"
                      >
                        <p
                          class="MuiTypography-root WithStyles(ForwardRef(Typography))-root-5 MuiTypography-body1"
                        >
                          moderate rain
                        </p>
                      </div>
                    </div>
                  </div>
                  <div
                    class="MuiGrid-root MuiGrid-item MuiGrid-grid-xs-12 MuiGrid-grid-md-true"
                  >
                    <div
                      class="MuiGrid-root MuiGrid-container MuiGrid-align-items-xs-center"
                    >
                      <div
                        class="MuiGrid-root WithStyles(ForwardRef(Grid))-root-6 MuiGrid-item MuiGrid-grid-xs-12 MuiGrid-grid-md-true"
                      >
                        Mon, 31 Aug
                      </div>
                      <div
                        class="MuiGrid-root WithStyles(ForwardRef(Grid))-root-6 MuiGrid-item MuiGrid-grid-xs-12 MuiGrid-grid-md-true"
                      >
                        High: 
                        29.8°C
                      </div>
                      <div
                        class="MuiGrid-root WithStyles(ForwardRef(Grid))-root-6 MuiGrid-item MuiGrid-grid-xs-12 MuiGrid-grid-md-true"
                      >
                        Low: 
                        28.0°C
                      </div>
                    </div>
                  </div>
                </div>
              </div>
              <div
                aria-disabled="false"
                aria-hidden="true"
                class="MuiButtonBase-root MuiIconButton-root MuiAccordionSummary-expandIcon MuiIconButton-edgeEnd"
              >
                <span
                  class="MuiIconButton-label"
                >
                  <svg
                    aria-hidden="true"
                    class="MuiSvgIcon-root"
                    focusable="false"
                    viewBox="0 0 24 24"
                  >
                    <path
                      d="M16.59 8.59L12 13.17 7.41 8.59 6 10l6 6 6-6z"
                    />
                  </svg>
                </span>
                <span
                  class="MuiTouchRipple-root"
                />
              </div>
            </div>
            <div
              class="MuiCollapse-container MuiCollapse-hidden"
              style="min-height: 0px;"
            >
              <div
                class="MuiCollapse-wrapper"
              >
                <div
                  class="MuiCollapse-wrapperInner"
                >
                  <div
                    role="region"
                  >
                    <div
                      class="MuiAccordionDetails-root"
                    >
                      <div
                        class="MuiGrid-root MuiGrid-container"
                      >
                        <div
                          class="MuiGrid-root WithStyles(ForwardRef(Grid))-root-6 MuiGrid-item MuiGrid-grid-xs-12"
                        >
                          Humidity: 65%
                        </div>
                        <div
                          class="MuiGrid-root WithStyles(ForwardRef(Grid))-root-6 MuiGrid-item MuiGrid-grid-xs-12"
                        >
                          Sunrise: 
                          7:01 AM
                        </div>
                        <div
                          class="MuiGrid-root WithStyles(ForwardRef(Grid))-root-6 MuiGrid-item MuiGrid-grid-xs-12"
                        >
                          Sunset: 
                          7:09 PM
                        </div>
                      </div>
                    </div>
                  </div>
                </div>
              </div>
            </div>
          </div>
          <div
            class="MuiPaper-root MuiAccordion-root MuiAccordion-rounded MuiPaper-elevation1 MuiPaper-rounded"
          >
            <div
              aria-disabled="false"
              aria-expanded="false"
              class="MuiButtonBase-root MuiAccordionSummary-root"
              role="button"
              tabindex="0"
            >
              <div
                class="MuiAccordionSummary-content"
              >
                <div
                  class="MuiGrid-root MuiGrid-container MuiGrid-align-items-xs-center MuiGrid-justify-xs-center"
                >
                  <div
                    class="MuiGrid-root MuiGrid-item MuiGrid-grid-xs-12 MuiGrid-grid-md-4"
                  >
                    <div
                      class="MuiGrid-root MuiGrid-container MuiGrid-align-items-xs-center"
                    >
                      <div
                        class="MuiGrid-root MuiGrid-item"
                      >
                        <div
                          class="MuiAvatar-root WithStyles(ForwardRef(Avatar))-root-4 MuiAvatar-circle"
                        >
                          <img
                            alt="icon-10d"
                            class="MuiAvatar-img"
                            src="http://openweathermap.org/img/wn/10d@2x.png"
                          />
                        </div>
                      </div>
                      <div
                        class="MuiGrid-root MuiGrid-item"
                      >
                        <p
                          class="MuiTypography-root WithStyles(ForwardRef(Typography))-root-5 MuiTypography-body1"
                        >
                          moderate rain
                        </p>
                      </div>
                    </div>
                  </div>
                  <div
                    class="MuiGrid-root MuiGrid-item MuiGrid-grid-xs-12 MuiGrid-grid-md-true"
                  >
                    <div
                      class="MuiGrid-root MuiGrid-container MuiGrid-align-items-xs-center"
                    >
                      <div
                        class="MuiGrid-root WithStyles(ForwardRef(Grid))-root-6 MuiGrid-item MuiGrid-grid-xs-12 MuiGrid-grid-md-true"
                      >
                        Tue, 01 Sep
                      </div>
                      <div
                        class="MuiGrid-root WithStyles(ForwardRef(Grid))-root-6 MuiGrid-item MuiGrid-grid-xs-12 MuiGrid-grid-md-true"
                      >
                        High: 
                        29.4°C
                      </div>
                      <div
                        class="MuiGrid-root WithStyles(ForwardRef(Grid))-root-6 MuiGrid-item MuiGrid-grid-xs-12 MuiGrid-grid-md-true"
                      >
                        Low: 
                        27.0°C
                      </div>
                    </div>
                  </div>
                </div>
              </div>
              <div
                aria-disabled="false"
                aria-hidden="true"
                class="MuiButtonBase-root MuiIconButton-root MuiAccordionSummary-expandIcon MuiIconButton-edgeEnd"
              >
                <span
                  class="MuiIconButton-label"
                >
                  <svg
                    aria-hidden="true"
                    class="MuiSvgIcon-root"
                    focusable="false"
                    viewBox="0 0 24 24"
                  >
                    <path
                      d="M16.59 8.59L12 13.17 7.41 8.59 6 10l6 6 6-6z"
                    />
                  </svg>
                </span>
                <span
                  class="MuiTouchRipple-root"
                />
              </div>
            </div>
            <div
              class="MuiCollapse-container MuiCollapse-hidden"
              style="min-height: 0px;"
            >
              <div
                class="MuiCollapse-wrapper"
              >
                <div
                  class="MuiCollapse-wrapperInner"
                >
                  <div
                    role="region"
                  >
                    <div
                      class="MuiAccordionDetails-root"
                    >
                      <div
                        class="MuiGrid-root MuiGrid-container"
                      >
                        <div
                          class="MuiGrid-root WithStyles(ForwardRef(Grid))-root-6 MuiGrid-item MuiGrid-grid-xs-12"
                        >
                          Humidity: 66%
                        </div>
                        <div
                          class="MuiGrid-root WithStyles(ForwardRef(Grid))-root-6 MuiGrid-item MuiGrid-grid-xs-12"
                        >
                          Sunrise: 
                          7:00 AM
                        </div>
                        <div
                          class="MuiGrid-root WithStyles(ForwardRef(Grid))-root-6 MuiGrid-item MuiGrid-grid-xs-12"
                        >
                          Sunset: 
                          7:08 PM
                        </div>
                      </div>
                    </div>
                  </div>
                </div>
              </div>
            </div>
          </div>
        </div>
      </div>
    </main>
  </div>
  <footer
    class="sc-AxjAm gWcbgK"
  >
    ©2020 Developed by undefined, undefined
  </footer>
</div>
`;
